version: 2

models:
  - name: snowplow_attribution_campaign_attributions_actual
    tests:
      - dbt_utils.equal_rowcount:
          compare_model: ref('snowplow_attribution_campaign_attributions_expected_stg')
      - snowplow_attribution_integration_tests.equality:
          compare_model: ref('snowplow_attribution_campaign_attributions_expected_stg')
          precision: 4
  - name: snowplow_attribution_channel_attributions_actual
    tests:
      - dbt_utils.equal_rowcount:
          compare_model: ref('snowplow_attribution_channel_attributions_expected_stg')
      - snowplow_attribution_integration_tests.equality:
          compare_model: ref('snowplow_attribution_channel_attributions_expected_stg')
          precision: 4
  - name: snowplow_attribution_overview_actual
    tests:
      - dbt_utils.equal_rowcount:
          compare_model: ref('snowplow_attribution_overview_expected_stg')
      - snowplow_attribution_integration_tests.equality:
          compare_model: ref('snowplow_attribution_overview_expected_stg')
          precision: 4
  - name: snowplow_attribution_path_summary_actual
    tests:
      - dbt_utils.equal_rowcount:
          compare_model: ref('snowplow_attribution_path_summary_expected_stg')
      - snowplow_attribution_integration_tests.equality:
          compare_model: ref('snowplow_attribution_path_summary_expected_stg')
          precision: 4
  - name: snowplow_attribution_paths_to_conversion_actual
    tests:
      - dbt_utils.equal_rowcount:
          compare_model: ref('snowplow_attribution_paths_to_conversion_expected_stg')
      - snowplow_attribution_integration_tests.equality:
          compare_model: ref('snowplow_attribution_paths_to_conversion_expected_stg')
          precision: 4
  - name: snowplow_attribution_paths_to_non_conversion_actual
    tests:
      - dbt_utils.equal_rowcount:
          compare_model: ref('snowplow_attribution_paths_to_non_conversion_expected_stg')
      - snowplow_attribution_integration_tests.equality:
          compare_model: ref('snowplow_attribution_paths_to_non_conversion_expected_stg')
          precision: 4


