customer_id,cv_tstamp,revenue
f000170187170673177,2023-06-08 21:18:32.000,50.0
f0005094333993051683,2023-07-30 12:55:24.000,24.0
f0006148050225777094,2023-07-25 08:52:34.000,140.0
f0006911334202687206,2023-07-19 05:26:51.000,66.5
f0008284662789123943,2023-07-07 14:05:55.000,200.0
f0009028775170427694,2023-06-11 16:33:03.000,20.42
