composite_key,event_id,customer_id,cv_tstamp,cv_total_revenue,channel_transformed_path,channel,source_index,path_length,first_touch_attribution,last_touch_attribution,linear_attribution,position_based_attribution
9f80548b-5bb3-4d21-b78e-503ae6f8205eDirect0,9f80548b-5bb3-4d21-b78e-503ae6f8205e,f000170187170673177,2023-06-08 21:18:32.000+00:00,50.00,Direct,Direct,0,1,50.00,50.00,50,50
f9e6fa53-61f4-45f4-adb1-b75e018f8a32Direct0,f9e6fa53-61f4-45f4-adb1-b75e018f8a32,f0009028775170427694,2023-06-11 16:33:03.000+00:00,20.42,Direct,Direct,0,1,20.42,20.42,20.42,20.42
c3bf5de5-20c7-42d6-9543-afd9ecf133f5Video0,c3bf5de5-20c7-42d6-9543-afd9ecf133f5,f0008284662789123943,2023-07-07 14:05:55.000+00:00,200.00,Video,Video,0,1,200.00,200.00,200,200
1487c09f-f17f-4c76-990e-55c46f8f621cDisplay_Other0,1487c09f-f17f-4c76-990e-55c46f8f621c,f0006911334202687206,2023-07-19 05:27:51.000+00:00,66.50,Display_Other > Organic_Search,Display_Other,0,2,66.5,0.00,33.25,33.25
1487c09f-f17f-4c76-990e-55c46f8f621cOrganic_Search1,1487c09f-f17f-4c76-990e-55c46f8f621c,f0006911334202687206,2023-07-19 05:27:51.000+00:00,66.50,Display_Other > Organic_Search,Organic_Search,1,2,0.00,66.5,33.25,33.25
d16ac635-6d43-4ba0-b25a-b988f773fbd7Direct0,d16ac635-6d43-4ba0-b25a-b988f773fbd7,f0006148050225777094,2023-07-25 08:52:34.000+00:00,140.00,Direct > Organic_Search > Direct,Direct,0,3,140.00,0.00,46.666666666667,56
d16ac635-6d43-4ba0-b25a-b988f773fbd7Organic_Search1,d16ac635-6d43-4ba0-b25a-b988f773fbd7,f0006148050225777094,2023-07-25 08:52:34.000+00:00,140.00,Direct > Organic_Search > Direct,Organic_Search,1,3,0.00,0.00,46.666666666667,28
d16ac635-6d43-4ba0-b25a-b988f773fbd7Direct2,d16ac635-6d43-4ba0-b25a-b988f773fbd7,f0006148050225777094,2023-07-25 08:52:34.000+00:00,140.00,Direct > Organic_Search > Direct,Direct,2,3,0.00,140.00,46.666666666667,56
33a90c49-366b-4d9d-ba97-d427b22f881cDirect0,33a90c49-366b-4d9d-ba97-d427b22f881c,f0005094333993051683,2023-07-30 12:55:24.000+00:00,24.00,Direct,Direct,0,1,24.00,24.00,24,24
