composite_key,event_id,customer_id,cv_tstamp,cv_total_revenue,campaign_transformed_path,campaign,source_index,path_length,first_touch_attribution,last_touch_attribution,linear_attribution,position_based_attribution
"9f80548b-5bb3-4d21-b78e-503ae6f8205eCampaign 10","9f80548b-5bb3-4d21-b78e-503ae6f8205e",f000170187170673177,2023-06-08 20:18:32.000,50.00,Campaign 1,Campaign 1,0,1,50.00,50.00,50,50
f9e6fa53-61f4-45f4-adb1-b75e018f8a32Campaign 10,f9e6fa53-61f4-45f4-adb1-b75e018f8a32,f0009028775170427694,2023-06-11 15:33:03.000,20.42,Campaign 1,Campaign 1,0,1,20.42,20.42,20,20
c3bf5de5-20c7-42d6-9543-afd9ecf133f5Campaign 10,c3bf5de5-20c7-42d6-9543-afd9ecf133f5,f0008284662789123943,2023-07-07 13:05:55.000,200.00,Campaign 1,Campaign 1,0,1,200.00,200.00,200,200
"1487c09f-f17f-4c76-990e-55c46f8f621cCampaign 20","1487c09f-f17f-4c76-990e-55c46f8f621c",f0006911334202687206,2023-07-19 04:26:51.000,66.50,Campaign 2,Campaign 2,0,1,66.50,66.50,67,67
d16ac635-6d43-4ba0-b25a-b988f773fbd7Campaign 20,d16ac635-6d43-4ba0-b25a-b988f773fbd7,f0006148050225777094,2023-07-25 07:52:34.000,140.00,Campaign 2 > Campaign 1,Campaign 2,0,2,140.00,0.00,70,70
d16ac635-6d43-4ba0-b25a-b988f773fbd7Campaign 11,d16ac635-6d43-4ba0-b25a-b988f773fbd7,f0006148050225777094,2023-07-25 07:52:34.000,140.00,Campaign 2 > Campaign 1,Campaign 1,1,2,0.00,140.00,70,70
"33a90c49-366b-4d9d-ba97-d427b22f881cCampaign 10","33a90c49-366b-4d9d-ba97-d427b22f881c",f0005094333993051683,2023-07-30 11:55:24.000,24.00,Campaign 1,Campaign 1,0,1,24.00,24.00,24,24
